<html>
<body>
<pre>
<h1>µVision Build Log</h1>
<h2>Tool Versions:</h2>
IDE-Version: ¦ÌVision V5.28.0.0
Copyright (C) 2019 ARM Ltd and ARM Germany GmbH. All rights reserved.
License Information: LL CC, Se, LIC=9N02Z-J2Y5R-WJL6K-ZTE15-RV7YM-DM19C
 
Tool Versions:
Toolchain:       MDK-ARM Professional  Version: 5.28.0.0
Toolchain Path:  C:\Keil_v5\ARM\ARMCLANG\Bin
C Compiler:      ArmClang.exe V6.12
Assembler:       Armasm.exe V6.12
Linker/Locator:  ArmLink.exe V6.12
Library Manager: ArmAr.exe V6.12
Hex Converter:   FromElf.exe V6.12
CPU DLL:         SARMCM3.DLL V5.28.0.0
Dialog DLL:      DCM.DLL V1.17.3.0
Target DLL:      STLink\ST-LINKIII-KEIL_SWO.dll V3.0.6.0
Dialog DLL:      TCM.DLL V1.36.2.0
 
<h2>Project:</h2>
E:\Stm32\PAJ7620\F767VGT\MDK-ARM\USBTest.uvprojx
Project File Date:  03/04/2020

<h2>Output:</h2>
*** Using Compiler 'V6.12', folder: 'C:\Keil_v5\ARM\ARMCLANG\Bin'
Rebuild target 'USBTest'
assembling startup_stm32f767xx.s...
compiling DEV_Config.c...
compiling usb_device.c...
compiling main.c...
compiling usbd_conf.c...
compiling usbd_desc.c...
compiling stm32f7xx_it.c...
compiling stm32f7xx_hal_pcd_ex.c...
compiling stm32f7xx_hal_msp.c...
compiling stm32f7xx_hal_pcd.c...
../Drivers/STM32F7xx_HAL_Driver/Src/stm32f7xx_ll_usb.c(958): warning: '__packed__' attribute ignored when parsing type [-Wignored-attributes]
      USBx_DFIFO((uint32_t)ch_ep_num) = *((__packed uint32_t *)pSrc);
                                           ^~~~~~~~
../Drivers/STM32F7xx_HAL_Driver/Inc/stm32f7xx_hal_def.h(115): note: expanded from macro '__packed'
    #define __packed __attribute__((__packed__))
                                    ^~~~~~~~~~
../Drivers/STM32F7xx_HAL_Driver/Src/stm32f7xx_ll_usb.c(987): warning: '__packed__' attribute ignored when parsing type [-Wignored-attributes]
    *(__packed uint32_t *)pDest = USBx_DFIFO(0U);
      ^~~~~~~~
../Drivers/STM32F7xx_HAL_Driver/Inc/stm32f7xx_hal_def.h(115): note: expanded from macro '__packed'
    #define __packed __attribute__((__packed__))
                                    ^~~~~~~~~~
2 warnings generated.
compiling stm32f7xx_ll_usb.c...
compiling stm32f7xx_hal_rcc.c...
compiling stm32f7xx_hal_flash.c...
compiling stm32f7xx_hal_rcc_ex.c...
compiling stm32f7xx_hal_flash_ex.c...
compiling stm32f7xx_hal_gpio.c...
compiling stm32f7xx_hal_pwr.c...
compiling stm32f7xx_hal_dma_ex.c...
compiling stm32f7xx_hal_dma.c...
compiling stm32f7xx_hal_pwr_ex.c...
compiling stm32f7xx_hal_cortex.c...
compiling stm32f7xx_hal_i2c_ex.c...
compiling stm32f7xx_hal.c...
compiling stm32f7xx_hal_exti.c...
compiling stm32f7xx_hal_tim.c...
compiling stm32f7xx_hal_spi_ex.c...
compiling stm32f7xx_hal_tim_ex.c...
compiling stm32f7xx_hal_i2c.c...
compiling stm32f7xx_hal_spi.c...
compiling system_stm32f7xx.c...
compiling usbd_core.c...
compiling usbd_ioreq.c...
compiling usbd_ctlreq.c...
compiling usbd_hid.c...
linking...
Program Size: Code=18802 RO-data=990 RW-data=376 ZI-data=9528  
FromELF: creating hex file...
"USBTest\USBTest.axf" - 0 Error(s), 2 Warning(s).

<h2>Software Packages used:</h2>

Package Vendor: ARM
                http://www.keil.com/pack/ARM.CMSIS.5.5.1.pack
                ARM.CMSIS.5.5.1
                CMSIS (Cortex Microcontroller Software Interface Standard)
   * Component: CORE Version: 5.2.0

Package Vendor: Keil
                http://www.keil.com/pack/Keil.STM32F7xx_DFP.2.11.0.pack
                Keil.STM32F7xx_DFP.2.11.0
                STMicroelectronics STM32F7 Series Device Support, Drivers and Examples

<h2>Collection of Component include folders:</h2>
  .\RTE\_USBTest
  C:\Users\airlc\AppData\Local\Arm\Packs\ARM\CMSIS\5.5.1\CMSIS\Core\Include
  C:\Users\airlc\AppData\Local\Arm\Packs\Keil\STM32F7xx_DFP\2.11.0\Drivers\CMSIS\Device\ST\STM32F7xx\Include

<h2>Collection of Component Files used:</h2>

   * Component: ARM::CMSIS:CORE:5.2.0
Build Time Elapsed:  00:00:04
</pre>
</body>
</html>
